------------------------------------------------------------
Timing Analyzer Summary
------------------------------------------------------------

Type  : Slow 1100mV 85C Model Setup 'ticks[0]'
Slack : -8.879
TNS   : -258.885

Type  : Slow 1100mV 85C Model Setup 'clock'
Slack : -6.945
TNS   : -221.431

Type  : Slow 1100mV 85C Model Hold 'clock'
Slack : 0.420
TNS   : 0.000

Type  : Slow 1100mV 85C Model Hold 'ticks[0]'
Slack : 0.701
TNS   : 0.000

Type  : Slow 1100mV 85C Model Minimum Pulse Width 'clock'
Slack : -0.538
TNS   : -25.134

Type  : Slow 1100mV 85C Model Minimum Pulse Width 'ticks[0]'
Slack : 0.268
TNS   : 0.000

Type  : Slow 1100mV 0C Model Setup 'ticks[0]'
Slack : -9.083
TNS   : -265.303

Type  : Slow 1100mV 0C Model Setup 'clock'
Slack : -6.868
TNS   : -219.316

Type  : Slow 1100mV 0C Model Hold 'clock'
Slack : 0.188
TNS   : 0.000

Type  : Slow 1100mV 0C Model Hold 'ticks[0]'
Slack : 0.704
TNS   : 0.000

Type  : Slow 1100mV 0C Model Minimum Pulse Width 'clock'
Slack : -0.538
TNS   : -25.336

Type  : Slow 1100mV 0C Model Minimum Pulse Width 'ticks[0]'
Slack : 0.252
TNS   : 0.000

Type  : Fast 1100mV 85C Model Setup 'ticks[0]'
Slack : -3.972
TNS   : -112.383

Type  : Fast 1100mV 85C Model Setup 'clock'
Slack : -2.820
TNS   : -89.131

Type  : Fast 1100mV 85C Model Hold 'clock'
Slack : 0.128
TNS   : 0.000

Type  : Fast 1100mV 85C Model Hold 'ticks[0]'
Slack : 0.337
TNS   : 0.000

Type  : Fast 1100mV 85C Model Minimum Pulse Width 'clock'
Slack : -0.090
TNS   : -2.850

Type  : Fast 1100mV 85C Model Minimum Pulse Width 'ticks[0]'
Slack : 0.323
TNS   : 0.000

Type  : Fast 1100mV 0C Model Setup 'ticks[0]'
Slack : -3.693
TNS   : -104.611

Type  : Fast 1100mV 0C Model Setup 'clock'
Slack : -2.461
TNS   : -77.907

Type  : Fast 1100mV 0C Model Hold 'clock'
Slack : -0.018
TNS   : -0.210

Type  : Fast 1100mV 0C Model Hold 'ticks[0]'
Slack : 0.350
TNS   : 0.000

Type  : Fast 1100mV 0C Model Minimum Pulse Width 'clock'
Slack : -0.094
TNS   : -2.962

Type  : Fast 1100mV 0C Model Minimum Pulse Width 'ticks[0]'
Slack : 0.349
TNS   : 0.000

------------------------------------------------------------
