------------------------------------------------------------
Timing Analyzer Summary
------------------------------------------------------------

Type  : Slow 1100mV 85C Model Setup 'addr_SW'
Slack : -2.035
TNS   : -48.597

Type  : Slow 1100mV 85C Model Hold 'addr_SW'
Slack : 0.342
TNS   : 0.000

Type  : Slow 1100mV 85C Model Minimum Pulse Width 'addr_SW'
Slack : -0.538
TNS   : -29.456

Type  : Slow 1100mV 0C Model Setup 'addr_SW'
Slack : -2.165
TNS   : -51.426

Type  : Slow 1100mV 0C Model Hold 'addr_SW'
Slack : 0.450
TNS   : 0.000

Type  : Slow 1100mV 0C Model Minimum Pulse Width 'addr_SW'
Slack : -0.538
TNS   : -26.635

Type  : Fast 1100mV 85C Model Setup 'addr_SW'
Slack : -0.335
TNS   : -4.250

Type  : Fast 1100mV 85C Model Hold 'addr_SW'
Slack : 0.188
TNS   : 0.000

Type  : Fast 1100mV 85C Model Minimum Pulse Width 'addr_SW'
Slack : -0.351
TNS   : -12.246

Type  : Fast 1100mV 0C Model Setup 'addr_SW'
Slack : -0.276
TNS   : -2.809

Type  : Fast 1100mV 0C Model Hold 'addr_SW'
Slack : 0.199
TNS   : 0.000

Type  : Fast 1100mV 0C Model Minimum Pulse Width 'addr_SW'
Slack : -0.326
TNS   : -10.576

------------------------------------------------------------
