------------------------------------------------------------
Timing Analyzer Summary
------------------------------------------------------------

Type  : Slow 1100mV 85C Model Setup 'PCLK'
Slack : -9.501
TNS   : -370.360

Type  : Slow 1100mV 85C Model Setup 'i[0]'
Slack : -7.541
TNS   : -86.089

Type  : Slow 1100mV 85C Model Setup 'clk'
Slack : -6.002
TNS   : -314.164

Type  : Slow 1100mV 85C Model Hold 'PCLK'
Slack : 0.423
TNS   : 0.000

Type  : Slow 1100mV 85C Model Hold 'clk'
Slack : 0.426
TNS   : 0.000

Type  : Slow 1100mV 85C Model Hold 'i[0]'
Slack : 3.494
TNS   : 0.000

Type  : Slow 1100mV 85C Model Minimum Pulse Width 'clk'
Slack : -0.538
TNS   : -45.671

Type  : Slow 1100mV 85C Model Minimum Pulse Width 'PCLK'
Slack : -0.538
TNS   : -39.719

Type  : Slow 1100mV 85C Model Minimum Pulse Width 'i[0]'
Slack : 0.283
TNS   : 0.000

Type  : Slow 1100mV 0C Model Setup 'PCLK'
Slack : -9.104
TNS   : -352.932

Type  : Slow 1100mV 0C Model Setup 'i[0]'
Slack : -7.587
TNS   : -86.172

Type  : Slow 1100mV 0C Model Setup 'clk'
Slack : -5.629
TNS   : -295.152

Type  : Slow 1100mV 0C Model Hold 'clk'
Slack : 0.402
TNS   : 0.000

Type  : Slow 1100mV 0C Model Hold 'PCLK'
Slack : 0.431
TNS   : 0.000

Type  : Slow 1100mV 0C Model Hold 'i[0]'
Slack : 3.538
TNS   : 0.000

Type  : Slow 1100mV 0C Model Minimum Pulse Width 'clk'
Slack : -0.538
TNS   : -47.024

Type  : Slow 1100mV 0C Model Minimum Pulse Width 'PCLK'
Slack : -0.538
TNS   : -36.362

Type  : Slow 1100mV 0C Model Minimum Pulse Width 'i[0]'
Slack : 0.294
TNS   : 0.000

Type  : Fast 1100mV 85C Model Setup 'PCLK'
Slack : -6.189
TNS   : -239.587

Type  : Fast 1100mV 85C Model Setup 'i[0]'
Slack : -3.105
TNS   : -35.169

Type  : Fast 1100mV 85C Model Setup 'clk'
Slack : -2.256
TNS   : -116.446

Type  : Fast 1100mV 85C Model Hold 'PCLK'
Slack : 0.197
TNS   : 0.000

Type  : Fast 1100mV 85C Model Hold 'clk'
Slack : 0.198
TNS   : 0.000

Type  : Fast 1100mV 85C Model Hold 'i[0]'
Slack : 1.782
TNS   : 0.000

Type  : Fast 1100mV 85C Model Minimum Pulse Width 'PCLK'
Slack : -0.336
TNS   : -15.060

Type  : Fast 1100mV 85C Model Minimum Pulse Width 'clk'
Slack : -0.095
TNS   : -5.410

Type  : Fast 1100mV 85C Model Minimum Pulse Width 'i[0]'
Slack : 0.368
TNS   : 0.000

Type  : Fast 1100mV 0C Model Setup 'PCLK'
Slack : -5.120
TNS   : -195.915

Type  : Fast 1100mV 0C Model Setup 'i[0]'
Slack : -3.028
TNS   : -34.282

Type  : Fast 1100mV 0C Model Setup 'clk'
Slack : -2.102
TNS   : -106.228

Type  : Fast 1100mV 0C Model Hold 'clk'
Slack : 0.028
TNS   : 0.000

Type  : Fast 1100mV 0C Model Hold 'PCLK'
Slack : 0.186
TNS   : 0.000

Type  : Fast 1100mV 0C Model Hold 'i[0]'
Slack : 1.803
TNS   : 0.000

Type  : Fast 1100mV 0C Model Minimum Pulse Width 'PCLK'
Slack : -0.305
TNS   : -13.731

Type  : Fast 1100mV 0C Model Minimum Pulse Width 'clk'
Slack : -0.096
TNS   : -5.504

Type  : Fast 1100mV 0C Model Minimum Pulse Width 'i[0]'
Slack : 0.384
TNS   : 0.000

------------------------------------------------------------
